top ten :
84 => http://intranet-if.insa-lyon.fr/SiteWebIF/Intranet-etudiant.php
71 => /SiteWebIF/Intranet-etudiant.php
69 => http://intranet-if.insa-lyon.fr/temps/3IF37.html
61 => http://intranet-if.insa-lyon.fr/temps/
43 => /notesif/
42 => http://if.insa-lyon.fr/
37 => /notesif
35 => /temps/3IF1.ics
28 => /temps/
28 => /temps/FondInsa.jpg
Fin du programme.
