Il y a moins de 10 url, nous ne pouvons pas faire de top 10..