Le nom de fichier rentr√© ne contient pas l'extension '.log'.
