top ten :
15 => http://intranet-if.insa-lyon.fr/temps/
9 => http://intranet-if.insa-lyon.fr/SiteWebIF/Intranet-etudiant.php
8 => http://intranet-if.insa-lyon.fr/temps/4IF37.html
8 => http://intranet-if.insa-lyon.fr/temps/3IF37.html
7 => /SiteWebIF/Intranet-etudiant.php
6 => /temps/
6 => /temps/3IF1.ics
6 => /notesif/
5 => /temps/FondInsa.jpg
5 => /temps/suivant.gif
Fin du programme.
