top ten :
10 => http://intranet-if.insa-lyon.fr/temps/
7 => http://intranet-if.insa-lyon.fr/SiteWebIF/Intranet-etudiant.php
7 => /SiteWebIF/Intranet-etudiant.php
6 => http://intranet-if.insa-lyon.fr/temps/4IF37.html
6 => /temps/
6 => /notesif/
6 => /temps/3IF1.ics
6 => http://intranet-if.insa-lyon.fr/temps/3IF37.html
4 => /notesif
3 => /
Fin du programme.
