Le nom de fichier de graphe rentr√© ne contient pas l'extension '.dot'.
